OziExplorer Map Data File Version 2.2
rr3.tif
rr3.tif
1 ,Map Code,
WGS 84,WGS 84,   0.0000,   0.0000,WGS 84
Reserved 1
Reserved 2
Magnetic Variation, , , E
Map Projection, Latitude / Longitude, Polycal, No, AutoCalOnly, No, BSBUseWPX, No
Point01,xy,  0,  0,in, deg,  52 ,18.535023 ,N,  23, 05.314962 ,E, grid,   ,           ,           ,N
Point02,xy,  1113,  0,in, deg,  52 ,18.353742 ,N,  23, 10.488799 ,E, grid,   ,           ,           ,N
Point03,xy,  1113,  897,in, deg,  52 ,15.797953 ,N,  23, 10.248279 ,E, grid,   ,           ,           ,N
Point04,xy,  0,  897,in, deg,  52 ,15.978958 ,N,  23, 05.079376 ,E, grid,   ,           ,           ,N
Point05,xy,  ,  ,in, deg,   , ,N, ,  ,W, grid,   ,           ,           ,N
Point06,xy,  ,  ,in, deg,   , ,N, ,  ,W, grid,   ,           ,           ,N
Point07,xy,  ,  ,in, deg,   , ,N, ,  ,W, grid,   ,           ,           ,N
Point08,xy,  ,  ,in, deg,   , ,N, ,  ,W, grid,   ,           ,           ,N
Point09,xy,  ,  ,in, deg,   , ,N, ,  ,W, grid,   ,           ,           ,N
Point10,xy,  ,  ,in, deg,   , ,N, ,  ,W, grid,   ,           ,           ,N
Point11,xy,  ,  ,in, deg,   , ,N, ,  ,W, grid,   ,           ,           ,N
Point12,xy,  ,  ,in, deg,   , ,N, ,  ,W, grid,   ,           ,           ,N
Point13,xy,  ,  ,in, deg,   , ,N, ,  ,W, grid,   ,           ,           ,N
Point14,xy,  ,  ,in, deg,   , ,N, ,  ,W, grid,   ,           ,           ,N
Point15,xy,  ,  ,in, deg,   , ,N, ,  ,W, grid,   ,           ,           ,N
Point16,xy,  ,  ,in, deg,   , ,N, ,  ,W, grid,   ,           ,           ,N
Point17,xy,  ,  ,in, deg,   , ,N, ,  ,W, grid,   ,           ,           ,N
Point18,xy,  ,  ,in, deg,   , ,N, ,  ,W, grid,   ,           ,           ,N
Point19,xy,  ,  ,in, deg,   , ,N, ,  ,W, grid,   ,           ,           ,N
Point20,xy,  ,  ,in, deg,   , ,N, ,  ,W, grid,   ,           ,           ,N
Point21,xy,  ,  ,in, deg,   , ,N, ,  ,W, grid,   ,           ,           ,N
Point22,xy,  ,  ,in, deg,   , ,N, ,  ,W, grid,   ,           ,           ,N
Point23,xy,  ,  ,in, deg,   , ,N, ,  ,W, grid,   ,           ,           ,N
Point24,xy,  ,  ,in, deg,   , ,N, ,  ,W, grid,   ,           ,           ,N
Point25,xy,  ,  ,in, deg,   , ,N, ,  ,W, grid,   ,           ,           ,N
Point26,xy,  ,  ,in, deg,   , ,N, ,  ,W, grid,   ,           ,           ,N
Point27,xy,  ,  ,in, deg,   , ,N, ,  ,W, grid,   ,           ,           ,N
Point28,xy,  ,  ,in, deg,   , ,N, ,  ,W, grid,   ,           ,           ,N
Point29,xy,  ,  ,in, deg,   , ,N, ,  ,W, grid,   ,           ,           ,N
Point30,xy,  ,  ,in, deg,   , ,N, ,  ,W, grid,   ,           ,           ,N
Projection Setup,,,,,,,,,,
Map Feature = MF ; Map Comment = MC     These follow if they exist
Track File = TF      These follow if they exist
Moving Map Parameters = MM?    These follow if they exist
MM0 , Yes
MMPNUM,4
MMPXY,1,000000,000000
MMPXY,2,001113,000000
MMPXY,3,001113,000897
MMPXY,4,000000,000897
MMPLL,1,23.088583,52.308917
MMPLL,2,23.174813,52.305896
MMPLL,3,23.170805,52.263299
MMPLL,4,23.084656,52.266316
MM1B,005.279552
MOP,Map Open Position,0,0
IWH,Map Image Width/Height,01114,00898
